
> xoras-sentry-monorepo@1.2.2 test
> node packages/core/tests/sandbox.test.cjs && node tests/audit.test.cjs && node tests/infrastructure_gate.test.cjs && node tests/revenue.test.cjs && node tests/spectrum.test.cjs && node sandbox/cross_platform_sandbox.cjs && node sandbox/atomics_latency_lock.cjs && node sandbox/system_audit_suite.cjs

--- XORAS SANDBOX PROTOCOL START ---
[SANDBOX] Testing Scanner AST Precision...
✅ Scanner Logic Verified.
[SANDBOX] Testing UI Report Generation...
✅ UI Report Generated.
[SANDBOX] Testing Stripe Timing-Safe Logic...
✅ Stripe Signature Logic Verified.
[SANDBOX] Testing Idempotency Ledger...
✅ Revenue Guard Ledger Verified.
[SANDBOX] Testing Vanguard Asset Integrity...
❌ SANDBOX PROTOCOL FAILURE: VANGUARD_ASSET_MISSING: xoras.js at /Users/ajoxendine68/vanguard-development/xoras.js
